$ next dev --turbopack
   ▲ Next.js 15.5.6 (Turbopack)
   - Local:        http://localhost:3000
   - Network:      http://169.254.0.21:3000

 ✓ Starting...
Attention: Next.js now collects completely anonymous telemetry regarding usage.
This information is used to shape Next.js' roadmap and prioritize features.
You can learn more, including how to opt-out if you'd not like to participate in this anonymous program, by visiting the following URL:
https://nextjs.org/telemetry

 ✓ Ready in 1801ms
 ○ Compiling / ...
 ✓ Compiled / in 6.7s
 GET / 200 in 7626ms
 GET / 200 in 3744ms
 ⚠ Cross origin request detected from snake-game-7.lindy.site to /_next/* resource. In a future major version of Next.js, you will need to explicitly configure "allowedDevOrigins" in next.config to allow this.
Read more: https://nextjs.org/docs/app/api-reference/config/next-config-js/allowedDevOrigins
 ○ Compiling /favicon.ico ...
 ✓ Compiled /favicon.ico in 753ms
 GET /favicon.ico?favicon.bf3c9292.ico 200 in 1119ms
 GET / 200 in 326ms
 GET /favicon.ico?favicon.bf3c9292.ico 200 in 340ms
 GET / 200 in 206ms
 ✓ Compiled in 202ms
 ✓ Compiled / in 44ms
 GET / 200 in 204ms
 ✓ Compiled in 158ms
 GET / 200 in 642ms
 GET /favicon.ico?favicon.bf3c9292.ico 200 in 372ms
 GET / 200 in 217ms
 ○ Compiling /_not-found/page ...
 ✓ Compiled /_not-found/page in 698ms
 GET /favicon.ico%3Ffavicon.bf3c9292.ico 404 in 922ms
 GET / 200 in 176ms
 GET /favicon.ico?favicon.bf3c9292.ico 200 in 294ms
 ✓ Compiled in 222ms
 GET / 200 in 369ms
 GET /favicon.ico?favicon.bf3c9292.ico 200 in 271ms
 ✓ Compiled in 283ms
 GET / 200 in 368ms
 GET /favicon.ico?favicon.bf3c9292.ico 200 in 263ms
 GET / 200 in 311ms
 GET /favicon.ico?favicon.bf3c9292.ico 200 in 289ms
 GET / 200 in 173ms
 ✓ Compiled in 297ms
 GET / 200 in 390ms
 GET /favicon.ico?favicon.bf3c9292.ico 200 in 298ms
 GET / 200 in 191ms
 GET / 200 in 158ms
 GET /favicon.ico?favicon.bf3c9292.ico 200 in 276ms
 GET / 200 in 170ms
 GET /favicon.ico?favicon.bf3c9292.ico 200 in 301ms
 ✓ Compiled in 274ms
 GET / 200 in 322ms
 ✓ Compiled in 180ms
 GET / 200 in 185ms
 GET /favicon.ico?favicon.bf3c9292.ico 200 in 277ms
 GET / 200 in 204ms
 GET / 200 in 255ms
 GET / 200 in 305ms
 ✓ Compiled in 202ms
 ✓ Compiled in 329ms
 GET / 200 in 334ms
 GET /favicon.ico?favicon.bf3c9292.ico 200 in 279ms
 ✓ Compiled in 171ms
 ⚠ Fast Refresh had to perform a full reload due to a runtime error.
 GET / 200 in 153ms
 GET /favicon.ico?favicon.bf3c9292.ico 200 in 266ms
 GET / 200 in 128ms
 GET / 200 in 210ms
 GET / 200 in 143ms
 GET / 200 in 167ms
 GET / 200 in 139ms
 GET / 200 in 133ms
 GET / 200 in 159ms
 GET / 200 in 159ms
 GET /favicon.ico?favicon.bf3c9292.ico 200 in 278ms
 GET / 200 in 202ms
 GET /favicon.ico?favicon.bf3c9292.ico 200 in 314ms
 GET / 200 in 178ms
 GET / 200 in 130ms
 ✓ Compiled in 309ms
 ⚠ Fast Refresh had to perform a full reload due to a runtime error.
 ⚠ Fast Refresh had to perform a full reload due to a runtime error.
 ✓ Compiled in 0ms
 ⨯ [Error: Objects are not valid as a React child (found: object with keys {count, multiplier, lastFoodTime, isActive}). If you meant to render a collection of children, use an array instead.] {
  digest: '1534811387'
}
 GET / 500 in 1280ms
 GET /favicon.ico 200 in 262ms
 ⨯ [Error: Objects are not valid as a React child (found: object with keys {count, multiplier, lastFoodTime, isActive}). If you meant to render a collection of children, use an array instead.] {
  digest: '1534811387'
}
 GET / 500 in 582ms
 GET /favicon.ico 200 in 269ms
 ✓ Compiled in 151ms
 ⚠ Fast Refresh had to perform a full reload due to a runtime error.
 ⚠ Fast Refresh had to perform a full reload due to a runtime error.
 ✓ Compiled in 0ms
 GET / 200 in 459ms
 ⚠ Fast Refresh had to perform a full reload due to a runtime error.
 ⚠ Fast Refresh had to perform a full reload due to a runtime error.
 GET / 200 in 160ms
 GET /favicon.ico?favicon.bf3c9292.ico 200 in 274ms
 GET /favicon.ico?favicon.bf3c9292.ico 200 in 276ms
 GET / 200 in 163ms
 GET / 200 in 189ms
 GET /favicon.ico?favicon.bf3c9292.ico 200 in 275ms
 GET / 200 in 133ms
 ✓ Compiled in 138ms
 ⚠ Fast Refresh had to perform a full reload due to a runtime error.
 GET / 200 in 474ms
 ⚠ Fast Refresh had to perform a full reload due to a runtime error.
 ⚠ Fast Refresh had to perform a full reload due to a runtime error.
 GET / 200 in 185ms
 GET / 200 in 237ms
 GET /favicon.ico?favicon.bf3c9292.ico 200 in 262ms
 GET /favicon.ico?favicon.bf3c9292.ico 200 in 267ms
 ✓ Compiled in 181ms
 ⚠ Fast Refresh had to perform a full reload due to a runtime error.
 ⚠ Fast Refresh had to perform a full reload due to a runtime error.
 GET / 200 in 528ms
 ⚠ Fast Refresh had to perform a full reload due to a runtime error.
 ⚠ Fast Refresh had to perform a full reload due to a runtime error.
 ⚠ Fast Refresh had to perform a full reload due to a runtime error.
 ⚠ Fast Refresh had to perform a full reload due to a runtime error.
 GET / 200 in 194ms
 GET / 200 in 273ms
 GET /favicon.ico?favicon.bf3c9292.ico 200 in 282ms
 GET /favicon.ico?favicon.bf3c9292.ico 200 in 295ms
 ✓ Compiled in 178ms
[?25h
